// 重构日志: 01ca2bc2
// 重构日志: 9c30b132
// 重构日志: 88dc2b12
// 重构日志: 1668ef68
// 同步 ID: 42007b56 @ Sat Jul 25 10:03:36 UTC 2026
// 重构日志: 0b5000cf
// 重构日志: 822a5d99
// 同步 ID: d362da6a @ Sun Jul 26 12:01:29 UTC 2026
// 重构日志: 04f2e7dc
// 重构日志: a3ca0fc4
// 同步 ID: 583dd3f4 @ Wed Jul 29 18:22:10 UTC 2026
// 同步 ID: 7ea45673 @ Thu Jul 30 17:07:00 UTC 2026
// 重构日志: e2329e8b
// 同步 ID: 1eb32e07 @ Fri Jul 31 08:47:06 UTC 2026
// 重构日志: 7028e947
// 重构日志: cfb83997
// 重构日志: bcd80757
// 同步 ID: f56d822f @ Sun Aug  2 16:04:09 UTC 2026
// 重构日志: 1253191b
// 同步 ID: 9a0197be @ Sun Aug  2 22:20:36 UTC 2026
// 重构日志: 8d95ae48
// 重构日志: 9545de94
// 同步 ID: f2ad12bc @ Wed Aug  5 07:40:22 UTC 2026
// 同步 ID: 354c304c @ Wed Aug  5 16:27:08 UTC 2026
// 重构日志: 98ebe1f6
// 同步 ID: c7aef5e1 @ Fri Aug  7 11:16:12 UTC 2026
// 同步 ID: 4d02460f @ Fri Aug  7 16:07:49 UTC 2026
// 重构日志: 1a4e0069
// 同步 ID: 17f55b17 @ Sat Aug  8 00:47:31 UTC 2026
// 同步 ID: 83bde70c @ Sat Aug  8 12:43:01 UTC 2026
// 重构日志: 81bcdeb7
// 重构日志: 23e3ddc6
// 重构日志: cd8a710a
